// Jest Snapshot v1, https://goo.gl/fbAQLP

exports[`DetailCard app component 1`] = `
<div
  className="MuiGrid-root MuiGrid-container MuiGrid-direction-xs-row-reverse MuiGrid-align-items-xs-flex-start"
  id="pageID_DetailCardEnglish"
  style={
    Object {
      "background": "none",
    }
  }
>
  <div
    className="MuiGrid-root MuiGrid-container MuiGrid-item MuiGrid-align-items-xs-center MuiGrid-justify-xs-center MuiGrid-grid-xs-12 MuiGrid-grid-sm-4 MuiGrid-grid-md-3 MuiGrid-grid-lg-3"
  >
    <div
      className="MuiBox-root MuiBox-root-1 p_md m_before_xxl m_after_lg"
      style={
        Object {
          "background": "Green",
          "borderRadius": 4,
          "color": "#fff",
          "width": "90%",
        }
      }
    >
      <img
        alt="Card"
        src="http://gatherer.wizards.com/Handlers/Image.ashx?multiverseid=130483&type=card"
      />
      <h1
        className="MuiTypography-root font fontBold fontSize_lg m_before_xxs MuiTypography-body1"
        style={
          Object {
            "color": "#fff",
          }
        }
      >
        Abundance
      </h1>
      <div
        className="MuiTypography-root font fontRegular fontSize_md MuiTypography-body1"
        style={
          Object {
            "color": "#fff",
          }
        }
      >
        By: 
        Rebecca Guay
      </div>
    </div>
  </div>
  <div
    className="MuiGrid-root MuiGrid-item MuiGrid-grid-xs-12 MuiGrid-grid-sm-8 MuiGrid-grid-md-9 MuiGrid-grid-lg-9"
  >
    <div
      className="MuiBox-root MuiBox-root-2"
      style={
        Object {
          "padding": 32,
        }
      }
    >
      <div
        className="MuiTypography-root font fontThin m_before_lg fontSize_lg MuiTypography-body1"
      >
        If you would draw a card, you may instead choose land or nonland and reveal cards from the top of your library until you reveal a card of the chosen kind. Put that card into your hand and put all other cards revealed this way on the bottom of your library in any order.
      </div>
      <div
        className="MuiBox-root MuiBox-root-3 m_before_md m_after_md"
      >
        <div
          className="MuiTypography-root font fontMedium fontSize_md p_xl p_before_xxxs p_after_xxxs m_after_xxs m_inline_xxs MuiTypography-body1"
          style={
            Object {
              "background": "#ffffff",
              "borderRadius": 32,
              "color": "#000",
              "display": "inline-block",
            }
          }
        >
          249
        </div>
        <div
          className="MuiTypography-root font fontMedium fontSize_md p_xl p_before_xxxs p_after_xxxs m_after_xxs m_inline_xxs MuiTypography-body1"
          style={
            Object {
              "background": "#ffffff",
              "borderRadius": 32,
              "color": "#000",
              "display": "inline-block",
            }
          }
        >
          Enchantment
        </div>
        <div
          className="MuiTypography-root font fontMedium fontSize_md p_xl p_before_xxxs p_after_xxxs m_after_xxs m_inline_xxs MuiTypography-body1"
          style={
            Object {
              "background": "#ffffff",
              "borderRadius": 32,
              "color": "#000",
              "display": "inline-block",
            }
          }
        >
          10E
        </div>
        <div
          className="MuiTypography-root font fontMedium fontSize_md p_xl p_before_xxxs p_after_xxxs m_after_xxs m_inline_xxs MuiTypography-body1"
          style={
            Object {
              "background": "#ffffff",
              "borderRadius": 32,
              "color": "#000",
              "display": "inline-block",
            }
          }
        >
          Tenth Edition
        </div>
        <div
          className="MuiTypography-root font fontMedium fontSize_md p_xl p_before_xxxs p_after_xxxs m_after_xxs m_inline_xxs MuiTypography-body1"
          style={
            Object {
              "background": "#ffffff",
              "borderRadius": 32,
              "color": "#000",
              "display": "inline-block",
            }
          }
        >
          130483
        </div>
      </div>
      <div
        className="MuiGrid-root p_xs m_before_md MuiGrid-container MuiGrid-align-items-xs-center"
      />
    </div>
  </div>
</div>
`;
